[2025-06-09T10:19:49.353+0000] {taskinstance.py:1956} INFO - Dependencies all met for dep_context=non-requeueable deps ti=<TaskInstance: kafka_ecommerce_pipeline.check_services_health scheduled__2025-06-09T10:18:00+00:00 [queued]>
[2025-06-09T10:19:49.360+0000] {taskinstance.py:1956} INFO - Dependencies all met for dep_context=requeueable deps ti=<TaskInstance: kafka_ecommerce_pipeline.check_services_health scheduled__2025-06-09T10:18:00+00:00 [queued]>
[2025-06-09T10:19:49.361+0000] {taskinstance.py:2170} INFO - Starting attempt 1 of 3
[2025-06-09T10:19:49.368+0000] {taskinstance.py:2191} INFO - Executing <Task(PythonOperator): check_services_health> on 2025-06-09 10:18:00+00:00
[2025-06-09T10:19:49.372+0000] {standard_task_runner.py:60} INFO - Started process 121 to run task
[2025-06-09T10:19:49.377+0000] {standard_task_runner.py:87} INFO - Running: ['***', 'tasks', 'run', 'kafka_ecommerce_pipeline', 'check_services_health', 'scheduled__2025-06-09T10:18:00+00:00', '--job-id', '3', '--raw', '--subdir', 'DAGS_FOLDER/kafka_data_pipeline.py', '--cfg-path', '/tmp/tmpf2lt21w3']
[2025-06-09T10:19:49.380+0000] {standard_task_runner.py:88} INFO - Job 3: Subtask check_services_health
[2025-06-09T10:19:49.475+0000] {task_command.py:423} INFO - Running <TaskInstance: kafka_ecommerce_pipeline.check_services_health scheduled__2025-06-09T10:18:00+00:00 [running]> on host a0ec9d43225f
[2025-06-09T10:19:49.539+0000] {taskinstance.py:2480} INFO - Exporting env vars: AIRFLOW_CTX_DAG_OWNER='data-engineering-team' AIRFLOW_CTX_DAG_ID='kafka_ecommerce_pipeline' AIRFLOW_CTX_TASK_ID='check_services_health' AIRFLOW_CTX_EXECUTION_DATE='2025-06-09T10:18:00+00:00' AIRFLOW_CTX_TRY_NUMBER='1' AIRFLOW_CTX_DAG_RUN_ID='scheduled__2025-06-09T10:18:00+00:00'
[2025-06-09T10:19:49.540+0000] {kafka_data_pipeline.py:81} INFO - üîç Checking service health...
[2025-06-09T10:19:49.543+0000] {kafka_data_pipeline.py:93} INFO - ‚úÖ Redis is reachable at redis:6379
[2025-06-09T10:19:49.560+0000] {kafka_data_pipeline.py:114} ERROR - ‚ùå Could not test Kafka connectivity: [Errno 13] Permission denied: 'kafka-topics'
[2025-06-09T10:19:49.567+0000] {taskinstance.py:2698} ERROR - Task failed with exception
Traceback (most recent call last):
  File "/opt/airflow/dags/kafka_data_pipeline.py", line 101, in check_services_health
    result = subprocess.run(
  File "/usr/local/lib/python3.8/subprocess.py", line 493, in run
    with Popen(*popenargs, **kwargs) as process:
  File "/usr/local/lib/python3.8/subprocess.py", line 858, in __init__
    self._execute_child(args, executable, preexec_fn, close_fds,
  File "/usr/local/lib/python3.8/subprocess.py", line 1720, in _execute_child
    raise child_exception_type(errno_num, err_msg, err_filename)
PermissionError: [Errno 13] Permission denied: 'kafka-topics'

During handling of the above exception, another exception occurred:

Traceback (most recent call last):
  File "/home/airflow/.local/lib/python3.8/site-packages/airflow/models/taskinstance.py", line 428, in _execute_task
    result = execute_callable(context=context, **execute_callable_kwargs)
  File "/home/airflow/.local/lib/python3.8/site-packages/airflow/operators/python.py", line 199, in execute
    return_value = self.execute_callable()
  File "/home/airflow/.local/lib/python3.8/site-packages/airflow/operators/python.py", line 216, in execute_callable
    return self.python_callable(*self.op_args, **self.op_kwargs)
  File "/opt/airflow/dags/kafka_data_pipeline.py", line 115, in check_services_health
    raise AirflowException(f"Kafka connectivity check failed: {e}")
airflow.exceptions.AirflowException: Kafka connectivity check failed: [Errno 13] Permission denied: 'kafka-topics'
[2025-06-09T10:19:49.571+0000] {taskinstance.py:1138} INFO - Marking task as UP_FOR_RETRY. dag_id=kafka_ecommerce_pipeline, task_id=check_services_health, execution_date=20250609T101800, start_date=20250609T101949, end_date=20250609T101949
[2025-06-09T10:19:49.578+0000] {standard_task_runner.py:107} ERROR - Failed to execute job 3 for task check_services_health (Kafka connectivity check failed: [Errno 13] Permission denied: 'kafka-topics'; 121)
[2025-06-09T10:19:49.608+0000] {local_task_job_runner.py:234} INFO - Task exited with return code 1
[2025-06-09T10:19:49.622+0000] {taskinstance.py:3280} INFO - 0 downstream tasks scheduled from follow-on schedule check
